// Jest Snapshot v1, https://goo.gl/fbAQLP

exports[`VSlider component initialization should render component and match snapshot 1`] = `
<div class="v-input theme--light v-text-field">
  <div class="v-input__control">
    <div class="v-input__slot">
      <div class="v-text-field__slot">
        <input id="input-1"
               type="text"
        >
      </div>
    </div>
    <div class="v-text-field__details">
      <div class="v-messages theme--light">
        <transition-group-stub tag="div"
                               name="message-transition"
                               class="v-messages__wrapper"
        >
        </transition-group-stub>
      </div>
    </div>
  </div>
</div>
`;
